../Core/Src/tft.c:39:1:tft_fadein_backlight	16	static
../Core/Src/tft.c:49:1:tft_fadeout_backlight	16	static
../Core/Src/tft.c:59:1:tft_backlight_on	4	static
../Core/Src/tft.c:69:1:tft_backlight_off	4	static
../Core/Src/tft.c:79:1:tft_set_area	24	static
../Core/Src/tft.c:91:1:tft_draw_pixel	24	static
../Core/Src/tft.c:102:1:tft_draw_horizontal_line	32	static
../Core/Src/tft.c:119:1:tft_draw_vertical_line	32	static
../Core/Src/tft.c:136:1:tft_draw_rectangle	32	static
../Core/Src/tft.c:153:1:tft_fill_rectangle	32	static
../Core/Src/tft.c:173:1:tft_fill_screen	24	static
../Core/Src/tft.c:193:1:tft_draw_line	48	static
../Core/Src/tft.c:228:1:tft_draw_thick_line	40	static
../Core/Src/tft.c:241:1:tft_draw_circle	48	static
../Core/Src/tft.c:279:1:tft_draw_thick_circle	24	static
../Core/Src/tft.c:292:1:tft_draw_image	24	static
../Core/Src/tft.c:315:1:tft_rgb64_to_color565	24	static
../Core/Src/tft.c:328:1:tft_rgb256_to_color565	24	static
../Core/Src/tft.c:338:1:tft_init	8	static
