../USB_DEVICE/App/usbd_cdc_if.c:164:15:CDC_Init_FS	8	static
../USB_DEVICE/App/usbd_cdc_if.c:178:15:CDC_DeInit_FS	4	static
../USB_DEVICE/App/usbd_cdc_if.c:192:15:CDC_Control_FS	16	static
../USB_DEVICE/App/usbd_cdc_if.c:273:15:CDC_Receive_FS	24	static
../USB_DEVICE/App/usbd_cdc_if.c:303:9:CDC_Transmit_FS	24	static
../USB_DEVICE/App/usbd_cdc_if.c:329:15:CDC_TransmitCplt_FS	32	static
../USB_DEVICE/App/usbd_cdc_if.c:341:5:_write	32	static
../USB_DEVICE/App/usbd_cdc_if.c:356:6:transmit_from_buffer	16	static
../USB_DEVICE/App/usbd_cdc_if.c:381:10:CDC_DataAvailable	4	static
../USB_DEVICE/App/usbd_cdc_if.c:386:10:CDC_GetBufferData	24	static
